Archive member included because of file (symbol)

c:/winavr-20081205/bin/../lib/gcc/avr/4.3.2/avr5\libgcc.a(_udivmodhi4.o)
                              Smart_glove_trans_unit.o (__udivmodhi4)
c:/winavr-20081205/bin/../lib/gcc/avr/4.3.2/avr5\libgcc.a(_exit.o)
                              c:/winavr-20081205/bin/../lib/gcc/avr/4.3.2/../../../../avr/lib/avr5/crtm32.o (exit)
c:/winavr-20081205/bin/../lib/gcc/avr/4.3.2/avr5\libgcc.a(_copy_data.o)
                              Smart_glove_trans_unit.o (__do_copy_data)
c:/winavr-20081205/bin/../lib/gcc/avr/4.3.2/avr5\libgcc.a(_clear_bss.o)
                              Smart_glove_trans_unit.o (__do_clear_bss)

Allocating common symbols
Common symbol       size              file

scnt                0x2               Smart_glove_trans_unit.o
tempy               0x1               Smart_glove_trans_unit.o
alph                0x104             Smart_glove_trans_unit.o
robo_x              0x2               Smart_glove_trans_unit.o
matched_char        0x1               Smart_glove_trans_unit.o
za                  0x2               Smart_glove_trans_unit.o
dist                0x208             Smart_glove_trans_unit.o
rfstate             0x1               Smart_glove_trans_unit.o
i                   0x1               Smart_glove_trans_unit.o
samp                0x64              Smart_glove_trans_unit.o
robo_y              0x2               Smart_glove_trans_unit.o
min_dist_index      0x34              Smart_glove_trans_unit.o
rxBuffer            0x5               Smart_glove_trans_unit.o
prob                0x1a              Smart_glove_trans_unit.o
key                 0x1               Smart_glove_trans_unit.o
txBuffer            0x6               Smart_glove_trans_unit.o
tempx               0x1               Smart_glove_trans_unit.o
xa                  0x2               Smart_glove_trans_unit.o
ya                  0x2               Smart_glove_trans_unit.o

Memory Configuration

Name             Origin             Length             Attributes
text             0x00000000         0x00020000         xr
data             0x00800060         0x0000ffa0         rw !x
eeprom           0x00810000         0x00010000         rw !x
fuse             0x00820000         0x00000400         rw !x
lock             0x00830000         0x00000400         rw !x
signature        0x00840000         0x00000400         rw !x
*default*        0x00000000         0xffffffff

Linker script and memory map

LOAD c:/winavr-20081205/bin/../lib/gcc/avr/4.3.2/../../../../avr/lib/avr5/crtm32.o
LOAD Smart_glove_trans_unit.o
LOAD c:/winavr-20081205/bin/../lib/gcc/avr/4.3.2/avr5\libgcc.a
LOAD c:/winavr-20081205/bin/../lib/gcc/avr/4.3.2/../../../../avr/lib/avr5\libc.a
LOAD c:/winavr-20081205/bin/../lib/gcc/avr/4.3.2/avr5\libgcc.a

.hash
 *(.hash)

.dynsym
 *(.dynsym)

.dynstr
 *(.dynstr)

.gnu.version
 *(.gnu.version)

.gnu.version_d
 *(.gnu.version_d)

.gnu.version_r
 *(.gnu.version_r)

.rel.init
 *(.rel.init)

.rela.init
 *(.rela.init)

.rel.text
 *(.rel.text)
 *(.rel.text.*)
 *(.rel.gnu.linkonce.t*)

.rela.text
 *(.rela.text)
 *(.rela.text.*)
 *(.rela.gnu.linkonce.t*)

.rel.fini
 *(.rel.fini)

.rela.fini
 *(.rela.fini)

.rel.rodata
 *(.rel.rodata)
 *(.rel.rodata.*)
 *(.rel.gnu.linkonce.r*)

.rela.rodata
 *(.rela.rodata)
 *(.rela.rodata.*)
 *(.rela.gnu.linkonce.r*)

.rel.data
 *(.rel.data)
 *(.rel.data.*)
 *(.rel.gnu.linkonce.d*)

.rela.data
 *(.rela.data)
 *(.rela.data.*)
 *(.rela.gnu.linkonce.d*)

.rel.ctors
 *(.rel.ctors)

.rela.ctors
 *(.rela.ctors)

.rel.dtors
 *(.rel.dtors)

.rela.dtors
 *(.rela.dtors)

.rel.got
 *(.rel.got)

.rela.got
 *(.rela.got)

.rel.bss
 *(.rel.bss)

.rela.bss
 *(.rela.bss)

.rel.plt
 *(.rel.plt)

.rela.plt
 *(.rela.plt)

.text           0x00000000     0x1c12
 *(.vectors)
 .vectors       0x00000000       0x54 c:/winavr-20081205/bin/../lib/gcc/avr/4.3.2/../../../../avr/lib/avr5/crtm32.o
                0x00000000                __vectors
                0x00000000                __vector_default
 *(.vectors)
 *(.progmem.gcc*)
 *(.progmem*)
                0x00000054                . = ALIGN (0x2)
                0x00000054                __trampolines_start = .
 *(.trampolines)
 .trampolines   0x00000054        0x0 linker stubs
 *(.trampolines*)
                0x00000054                __trampolines_end = .
 *(.jumptables)
 *(.jumptables*)
 *(.lowtext)
 *(.lowtext*)
                0x00000054                __ctors_start = .
 *(.ctors)
                0x00000054                __ctors_end = .
                0x00000054                __dtors_start = .
 *(.dtors)
                0x00000054                __dtors_end = .
 SORT(*)(.ctors)
 SORT(*)(.dtors)
 *(.init0)
 .init0         0x00000054        0x0 c:/winavr-20081205/bin/../lib/gcc/avr/4.3.2/../../../../avr/lib/avr5/crtm32.o
                0x00000054                __init
 *(.init0)
 *(.init1)
 *(.init1)
 *(.init2)
 .init2         0x00000054        0xc c:/winavr-20081205/bin/../lib/gcc/avr/4.3.2/../../../../avr/lib/avr5/crtm32.o
 *(.init2)
 *(.init3)
 *(.init3)
 *(.init4)
 .init4         0x00000060       0x16 c:/winavr-20081205/bin/../lib/gcc/avr/4.3.2/avr5\libgcc.a(_copy_data.o)
                0x00000060                __do_copy_data
 .init4         0x00000076       0x10 c:/winavr-20081205/bin/../lib/gcc/avr/4.3.2/avr5\libgcc.a(_clear_bss.o)
                0x00000076                __do_clear_bss
 *(.init4)
 *(.init5)
 *(.init5)
 *(.init6)
 *(.init6)
 *(.init7)
 *(.init7)
 *(.init8)
 *(.init8)
 *(.init9)
 .init9         0x00000086        0x8 c:/winavr-20081205/bin/../lib/gcc/avr/4.3.2/../../../../avr/lib/avr5/crtm32.o
 *(.init9)
 *(.text)
 .text          0x0000008e        0x4 c:/winavr-20081205/bin/../lib/gcc/avr/4.3.2/../../../../avr/lib/avr5/crtm32.o
                0x0000008e                __vector_1
                0x0000008e                __vector_12
                0x0000008e                __bad_interrupt
                0x0000008e                __vector_6
                0x0000008e                __vector_3
                0x0000008e                __vector_11
                0x0000008e                __vector_13
                0x0000008e                __vector_17
                0x0000008e                __vector_19
                0x0000008e                __vector_7
                0x0000008e                __vector_5
                0x0000008e                __vector_4
                0x0000008e                __vector_9
                0x0000008e                __vector_2
                0x0000008e                __vector_15
                0x0000008e                __vector_8
                0x0000008e                __vector_14
                0x0000008e                __vector_10
                0x0000008e                __vector_16
                0x0000008e                __vector_18
                0x0000008e                __vector_20
 .text          0x00000092     0x1b54 Smart_glove_trans_unit.o
                0x00000f10                char_disp
                0x000000a2                read_adc
                0x00000512                set_channel
                0x000013e2                menu
                0x00000830                wake
                0x000005d2                halRfWriteReg
                0x000007f6                cc2500_init
                0x0000009c                disab_adc
                0x000001d4                write_rf_setting
                0x000007a4                data_rx
                0x00000e00                take_samples
                0x000014fa                cpy_samp
                0x000016ac                user_ch
                0x000006b4                data_tx
                0x00000708                receive_pkt
                0x00000898                num_disp
                0x00000584                SPI_write
                0x000000f4                key_read
                0x000000dc                e_write
                0x00000b4e                patt_match
                0x000000cc                e_read
                0x0000058c                SPI_transfer_byte
                0x00000614                write_burst_reg
                0x0000064c                send_pkt
                0x00000092                init_adc
                0x0000054e                SPI_MasterInit
                0x00001100                init_array
                0x000005b8                read_status
                0x00001476                submenu
                0x0000174a                main
                0x0000052c                set_address
                0x0000057c                SPI_SlaveReceive
                0x000008e0                sp_char_disp
                0x00000596                SPI_read
                0x00001132                mousedata_tx
                0x00000546                initTimer0
                0x0000063c                strobe
                0x000000b4                read8_adc
                0x00000562                SPI_MasterTransmit
                0x0000084e                read_xyz
                0x000005ea                read_burst_reg
                0x0000059e                read_reg
                0x0000056e                SPI_SlaveInit
                0x000007b4                POWER_UP_RESET_CC2500
 .text          0x00001be6        0x0 c:/winavr-20081205/bin/../lib/gcc/avr/4.3.2/avr5\libgcc.a(_udivmodhi4.o)
 .text          0x00001be6        0x0 c:/winavr-20081205/bin/../lib/gcc/avr/4.3.2/avr5\libgcc.a(_exit.o)
 .text          0x00001be6        0x0 c:/winavr-20081205/bin/../lib/gcc/avr/4.3.2/avr5\libgcc.a(_copy_data.o)
 .text          0x00001be6        0x0 c:/winavr-20081205/bin/../lib/gcc/avr/4.3.2/avr5\libgcc.a(_clear_bss.o)
                0x00001be6                . = ALIGN (0x2)
 *(.text.*)
 .text.libgcc   0x00001be6       0x28 c:/winavr-20081205/bin/../lib/gcc/avr/4.3.2/avr5\libgcc.a(_udivmodhi4.o)
                0x00001be6                __udivmodhi4
 .text.libgcc   0x00001c0e        0x0 c:/winavr-20081205/bin/../lib/gcc/avr/4.3.2/avr5\libgcc.a(_exit.o)
 .text.libgcc   0x00001c0e        0x0 c:/winavr-20081205/bin/../lib/gcc/avr/4.3.2/avr5\libgcc.a(_copy_data.o)
 .text.libgcc   0x00001c0e        0x0 c:/winavr-20081205/bin/../lib/gcc/avr/4.3.2/avr5\libgcc.a(_clear_bss.o)
                0x00001c0e                . = ALIGN (0x2)
 *(.fini9)
 .fini9         0x00001c0e        0x0 c:/winavr-20081205/bin/../lib/gcc/avr/4.3.2/avr5\libgcc.a(_exit.o)
                0x00001c0e                exit
                0x00001c0e                _exit
 *(.fini9)
 *(.fini8)
 *(.fini8)
 *(.fini7)
 *(.fini7)
 *(.fini6)
 *(.fini6)
 *(.fini5)
 *(.fini5)
 *(.fini4)
 *(.fini4)
 *(.fini3)
 *(.fini3)
 *(.fini2)
 *(.fini2)
 *(.fini1)
 *(.fini1)
 *(.fini0)
 .fini0         0x00001c0e        0x4 c:/winavr-20081205/bin/../lib/gcc/avr/4.3.2/avr5\libgcc.a(_exit.o)
 *(.fini0)
                0x00001c12                _etext = .

.data           0x00800060      0x30e load address 0x00001c12
                0x00800060                PROVIDE (__data_start, .)
 *(.data)
 .data          0x00800060        0x0 c:/winavr-20081205/bin/../lib/gcc/avr/4.3.2/../../../../avr/lib/avr5/crtm32.o
 .data          0x00800060      0x30d Smart_glove_trans_unit.o
                0x0080036c                mode
                0x00800060                aniruddh
                0x00800164                siddesh
                0x00800268                shawn
 .data          0x0080036d        0x0 c:/winavr-20081205/bin/../lib/gcc/avr/4.3.2/avr5\libgcc.a(_udivmodhi4.o)
 .data          0x0080036d        0x0 c:/winavr-20081205/bin/../lib/gcc/avr/4.3.2/avr5\libgcc.a(_exit.o)
 .data          0x0080036d        0x0 c:/winavr-20081205/bin/../lib/gcc/avr/4.3.2/avr5\libgcc.a(_copy_data.o)
 .data          0x0080036d        0x0 c:/winavr-20081205/bin/../lib/gcc/avr/4.3.2/avr5\libgcc.a(_clear_bss.o)
 *(.data*)
 *(.rodata)
 *(.rodata*)
 *(.gnu.linkonce.d*)
                0x0080036e                . = ALIGN (0x2)
 *fill*         0x0080036d        0x1 00
                0x0080036e                _edata = .
                0x0080036e                PROVIDE (__data_end, .)

.bss            0x0080036e      0x3ee
                0x0080036e                PROVIDE (__bss_start, .)
 *(.bss)
 .bss           0x0080036e        0x0 c:/winavr-20081205/bin/../lib/gcc/avr/4.3.2/../../../../avr/lib/avr5/crtm32.o
 .bss           0x0080036e       0x13 Smart_glove_trans_unit.o
                0x0080037f                rc
                0x00800377                mouse_x
                0x00800376                dev
                0x00800370                min_cnt
                0x00800373                menu_select
                0x0080037b                lclick
                0x0080037d                rclick
                0x0080036e                acnt
                0x00800380                lc
                0x00800374                submenu_select
                0x00800379                mouse_y
                0x00800372                samp_cnt
                0x00800375                bksp_cnt
 .bss           0x00800381        0x0 c:/winavr-20081205/bin/../lib/gcc/avr/4.3.2/avr5\libgcc.a(_udivmodhi4.o)
 .bss           0x00800381        0x0 c:/winavr-20081205/bin/../lib/gcc/avr/4.3.2/avr5\libgcc.a(_exit.o)
 .bss           0x00800381        0x0 c:/winavr-20081205/bin/../lib/gcc/avr/4.3.2/avr5\libgcc.a(_copy_data.o)
 .bss           0x00800381        0x0 c:/winavr-20081205/bin/../lib/gcc/avr/4.3.2/avr5\libgcc.a(_clear_bss.o)
 *(.bss*)
 *(COMMON)
 COMMON         0x00800381      0x3db Smart_glove_trans_unit.o
                0x00800381                scnt
                0x00800383                tempy
                0x00800384                alph
                0x00800488                robo_x
                0x0080048a                matched_char
                0x0080048b                za
                0x0080048d                dist
                0x00800695                rfstate
                0x00800696                i
                0x00800697                samp
                0x008006fb                robo_y
                0x008006fd                min_dist_index
                0x00800731                rxBuffer
                0x00800736                prob
                0x00800750                key
                0x00800751                txBuffer
                0x00800757                tempx
                0x00800758                xa
                0x0080075a                ya
                0x0080075c                PROVIDE (__bss_end, .)
                0x00001c12                __data_load_start = LOADADDR (.data)
                0x00001f20                __data_load_end = (__data_load_start + SIZEOF (.data))

.noinit         0x0080075c        0x0
                0x0080075c                PROVIDE (__noinit_start, .)
 *(.noinit*)
                0x0080075c                PROVIDE (__noinit_end, .)
                0x0080075c                _end = .
                0x0080075c                PROVIDE (__heap_start, .)

.eeprom         0x00810000        0x0
 *(.eeprom*)
                0x00810000                __eeprom_end = .

.fuse
 *(.fuse)
 *(.lfuse)
 *(.hfuse)
 *(.efuse)

.lock
 *(.lock*)

.signature
 *(.signature*)

.stab
 *(.stab)

.stabstr
 *(.stabstr)

.stab.excl
 *(.stab.excl)

.stab.exclstr
 *(.stab.exclstr)

.stab.index
 *(.stab.index)

.stab.indexstr
 *(.stab.indexstr)

.comment
 *(.comment)

.debug
 *(.debug)

.line
 *(.line)

.debug_srcinfo
 *(.debug_srcinfo)

.debug_sfnames
 *(.debug_sfnames)

.debug_aranges  0x00000000       0x20
 *(.debug_aranges)
 .debug_aranges
                0x00000000       0x20 Smart_glove_trans_unit.o

.debug_pubnames
                0x00000000      0x431
 *(.debug_pubnames)
 .debug_pubnames
                0x00000000      0x431 Smart_glove_trans_unit.o

.debug_info     0x00000000     0x287c
 *(.debug_info)
 .debug_info    0x00000000     0x287c Smart_glove_trans_unit.o
 *(.gnu.linkonce.wi.*)

.debug_abbrev   0x00000000      0x456
 *(.debug_abbrev)
 .debug_abbrev  0x00000000      0x456 Smart_glove_trans_unit.o

.debug_line     0x00000000     0x2dbc
 *(.debug_line)
 .debug_line    0x00000000     0x2dbc Smart_glove_trans_unit.o

.debug_frame    0x00000000      0x2d0
 *(.debug_frame)
 .debug_frame   0x00000000      0x2d0 Smart_glove_trans_unit.o

.debug_str      0x00000000      0x423
 *(.debug_str)
 .debug_str     0x00000000      0x423 Smart_glove_trans_unit.o
                                0x49f (size before relaxing)

.debug_loc      0x00000000     0x13d2
 *(.debug_loc)
 .debug_loc     0x00000000     0x13d2 Smart_glove_trans_unit.o

.debug_macinfo
 *(.debug_macinfo)
OUTPUT(Smart_glove_trans_unit.elf elf32-avr)
LOAD linker stubs

.debug_ranges   0x00000000      0x168
 .debug_ranges  0x00000000      0x168 Smart_glove_trans_unit.o
